<?xml version="1.0" encoding="utf-8"?><testsuites><testsuite name="pytest" errors="0" failures="0" skipped="0" tests="6" time="17.831" timestamp="2025-03-17T23:16:31.544422" hostname="HOMEPC"><testcase classname="test.test_add_group" name="test_add_group[None:::]" time="3.766" /><testcase classname="test.test_add_group" name="test_add_group[None:nameywutLiYWH:headerZ:footercxu4Co6b5 k]" time="2.367" /><testcase classname="test.test_add_group" name="test_add_group[None:name xSFuo7E:header vfXeg9o:footerB6 GBn2 pLMT6]" time="2.371" /><testcase classname="test.test_add_group" name="test_add_group[None:namej ZQ:headerDu1L f:footer 4Rof]" time="2.309" /><testcase classname="test.test_add_group" name="test_add_group[None:name j:header vZS5VWw k0:footervBvBD W]" time="2.399" /><testcase classname="test.test_add_group" name="test_add_group[None:nameDnn xOd4:headerkS8n3OA wZ DGZF:footerqBzAY NI]" time="4.596" /></testsuite></testsuites>